Working Directory Examples
Arguments: 1
Argument[0]: 'ms0:/PSP/GAME/virtual/main.elf'
Initial dir: ms0:/PSP/GAME/virtual

 chdir() attempt --> resulting getcwd()
 --------------- --> ------------------
                 --> ms0:/PSP/GAME/virtual
           hello --> ms0:/PSP/GAME/virtual/hello
              .. --> ms0:/PSP/GAME/virtual
     ../SAVEDATA --> ms0:/PSP/GAME/SAVEDATA
           ../.. --> ms0:/PSP
               . --> ms0:/PSP
     ./././//PSP --> ms0:/PSP/PSP
     /PSP/./GAME --> ms0:/PSP/GAME
               / --> ms0:
   ms0:/PSP/GAME --> ms0:/PSP/GAME
        flash0:/ --> flash0:
ms0:/PSP/../PSP/ --> ms0:/PSP

All done!