1, 0
1, 1
-1
event: 00000000:6
event: 800201AF:6
event: 00000000:6
event: 00000000
event: 00000000
event: 00000000:50