testVertexAlignment
Struct Size: 12
FF000000,FF444444,FF888888,FFCCCCCC,
FF111111,FF555555,FF999999,FFDDDDDD,
FF222222,FF666666,FFAAAAAA,FFEEEEEE,
FF333333,FF777777,FFBBBBBB,FFFFFFFF,
