max 1, 7, 7
max 3, 1, 3
max -1, 0, 0
max -1, -10, -1
max 0, 0, 0
add 1, 7, 8
add 3, 1, 4
add -1, 0, -1
add -1, -10, -11
add 0, 0, 0