Checking sceRtcGetCurrentTick
1
sceRtcGetDaysInMonth
sceRtcGetDaysInMonth:2010, 4
30
sceRtcGetDayOfWeek
sceRtcGetDayOfWeek:2010, 4, 27
1
